================================================================================
Rule No. 117 : PSUB_StampErrorFloat

Real Error Count : 1; Flat Error Count : 1
================================================================================

--------------------------------------------------------------------------------
Cell Name : SRAM_BIT_CELL layout SRAM

                   Cell Errors    Real Errors   Cell Placements     Environments
                             1              1                 1                1
--------------------------------------------------------------------------------
Env.  Env. Placements            X1           Y1          X2           Y2

  1        1                  0.000        0.015      16.870       11.605

Shape               Environments Status & Error Marker 

          1           X1         Y1         X2         Y2

   1      X        0.000      0.015     16.870     11.605

================================================================================
Rule No. 159 : 5B: Poly to Poly spacing must be >= 0.3 um

Real Error Count : 1; Flat Error Count : 1
================================================================================

--------------------------------------------------------------------------------
Cell Name : SRAM_BIT_CELL layout SRAM

                   Cell Errors    Real Errors   Cell Placements     Environments
                             1              1                 1                1
--------------------------------------------------------------------------------
Env.  Env. Placements            X1           Y1          X2           Y2

  1        1                  8.689        5.455       9.281        5.595

Shape               Environments Status & Error Marker 

          1           X1         Y1         X2         Y2

   1      X        8.689      5.455      9.281      5.595

================================================================================
Rule No. 245 : 13A3: N+SD to Psub tap spacing must be <= 10.0 um

Real Error Count : 8; Flat Error Count : 8
================================================================================

--------------------------------------------------------------------------------
Cell Name : SRAM_BIT_CELL layout SRAM

                   Cell Errors    Real Errors   Cell Placements     Environments
                             8              8                 1                1
--------------------------------------------------------------------------------
Env.  Env. Placements            X1           Y1          X2           Y2

  1        1                  2.550        1.615      14.665        6.235

Shape               Environments Status & Error Marker 

          1           X1         Y1         X2         Y2

   1      X        2.550      4.855      4.550      5.455
   2      X        2.550      5.635      4.550      6.235
   3      X        6.390      1.625      6.990      3.625
   4      X        7.170      1.625      7.770      3.625
   5      X        9.780      1.615     10.380      3.615
   6      X       10.560      1.615     11.160      3.615
   7      X       12.665      4.815     14.665      5.415
   8      X       12.665      5.595     14.665      6.195

