\o Program:		@(#)$CDS: libManager version 6.1.8 - CAT37 10/18/2022 20:11 (sjfdcl1032) $
\o Sub version:		sub-version  s292 
\o Arguments:		-unmapped -mpssession virtuoso9259 -mpshost cadence 
\o Working Directory:	cadence:/home/vlsilab/.ramesh_important_vlsi/6t_sram
\o 64-bit offsets
\o Qt version: 		5.9.1
\o changeWorkingDir("/home/vlsilab/.ramesh_important_vlsi/6t_sram") unnecessary.
\o ddSetForcedLib("") unnecessary.
\o Log file is "/home/vlsilab/.ramesh_important_vlsi/6t_sram/libManager.log".
\o Opening libManager window.
\a nrSetWindowVisibility(cdsLibManager "show")
\o MPS service: map window
\o Library Manager customization server connected.
\a nrSetCurrentWindow(cdsLibManager)
\a nrResizeWindow(cdsLibManager list(139 211 1429 723))
\a cdsLibManager->libListBox->value = "SRAM"
\a cdsLibManager->libLineEdit->value = "SRAM"
\a cdsLibManager->FileNewCVButton->value = t
\a cdsLibManager->libListBox->value = nil
\a cdsLibManager->libLineEdit->value = ""
\a cdsLibManager->libListBox->value = "SRAM"
\a cdsLibManager->libLineEdit->value = "SRAM"
\a nrSetCurrentWindow(cdsLibManager)
\a cdsLibManager->libListBox->value = nil
\a cdsLibManager->libLineEdit->value = ""
\a cdsLibManager->libListBox->value = "SRAM"
\a cdsLibManager->libLineEdit->value = "SRAM"
\a cdsLibManager->cellListBox->value = "SRAM_BIT_CELL"
\a cdsLibManager->cellLineEdit->value = "SRAM_BIT_CELL"
\a cdsLibManager->viewListBox->value = "schematic"
\a cdsLibManager->viewLineEdit->value = "schematic"
\a cdsLibManager->cellLineEdit->value = ""
\a cdsLibManager->cellListBox->value = nil
\a cdsLibManager->viewLineEdit->value = ""
\a cdsLibManager->viewListBox->value = nil
\a cdsLibManager->cellListBox->value = "SRAM_BIT_CELL"
\a cdsLibManager->cellLineEdit->value = "SRAM_BIT_CELL"
\a cdsLibManager->viewListBox->value = "schematic"
\a cdsLibManager->viewLineEdit->value = "schematic"
\a cdsLibManager->viewLineEdit->value = ""
\a cdsLibManager->viewListBox->value = nil
\a cdsLibManager->viewListBox->value = "schematic"
\a cdsLibManager->viewLineEdit->value = "schematic"
\a nrSetWindowVisibility(cdsLibManager "hide")
\a nrSetWindowVisibility(cdsLibManager "show")
\a nrSetCurrentWindow(cdsLibManager)
\a nrSetCurrentWindow(cdsLibManager)
\a nrSetCurrentWindow(cdsLibManager)
\a cdsLibManager->viewLineEdit->value = ""
\a cdsLibManager->viewListBox->value = nil
\a lmgrLogShowPopup("mainListPopup1" 122 10 2 "SRAM_BIT_CELL")
\a cdsLibManager->copySimpleButton->value = t
\a copyCellForm->SkipLibrariesEdit->value = "*"
\a copyCellForm->SkipLibrariesEdit->value = "*"
\a copyCellForm->CopyFromLibrary->value = "SRAM"
\a copyCellForm->CopyToLibrary->value = "SRAM"
\a copyCellForm->CopyFromCell->value = "SRAM_BIT_CELL"
\a copyCellForm->CopyToCell->value = "SRAM_BIT_CELL"
\a copyCellForm->ViewsToCopy->value = "schematic"
\a copyCellForm->SkipLibrariesEdit->value = ""
\a copyCellForm->SkipLibrariesEdit->value = "Sky_water_130nm US_8ths ahdlLib analogLib basic cdsDefTechLib cds_ff_mpt cds_ff_mpt_scl connectLib functional gpdk045 gpdk045_sc gpdk45_iolib gpdk090 gpdk090_sc gpdk180 gpdk180_sc rfExamples rfLib rfTlineLib sample"
\a nrSetWindowVisibility(copyCellForm "show")
\a nrSetCurrentWindow(copyCellForm)
\a nrResizeWindow(copyCellForm list(609 240 468 659))
\a copyCellForm->CopyToCell->value = "SRAM_BIT_CELL_SNM"
\a copyCellForm->OK->value = t
\o Beginning simple copy to library "SRAM".
\o Processing files to be copied...
\a nrSetWindowVisibility(workingDialogForm "show")
\a nrSetCurrentWindow(cdsLibManager)
\a nrSetCurrentWindow(workingDialogForm)
\o Copy succeeded.
\a cdsLibManager->libListBox->value = nil
\a cdsLibManager->libLineEdit->value = ""
\a cdsLibManager->cellListBox->value = nil
\a cdsLibManager->cellLineEdit->value = ""
\a cdsLibManager->libListBox->value = "SRAM"
\a cdsLibManager->libLineEdit->value = "SRAM"
\a cdsLibManager->cellListBox->value = "SRAM_BIT_CELL"
\a cdsLibManager->cellLineEdit->value = "SRAM_BIT_CELL"
\a cdsLibManager->viewListBox->value = "schematic"
\a cdsLibManager->viewLineEdit->value = "schematic"
\a cdsLibManager->viewLineEdit->value = ""
\a cdsLibManager->viewListBox->value = nil
\a cdsLibManager->viewListBox->value = "schematic"
\a cdsLibManager->viewLineEdit->value = "schematic"
\a cdsLibManager->viewLineEdit->value = ""
\a cdsLibManager->viewListBox->value = nil
\a copyCellForm->SkipLibrariesEdit->value = "*"
\a nrResizeWindow(copyCellForm list(609 166 468 659))
\a nrResizeWindow(workingDialogForm list(707 503 273 133))
\a nrSetCurrentWindow(cdsLibManager)
\a nrResizeWindow(workingDialogForm list(707 466 273 133))
\a cdsLibManager->cellListBox->value = "SRAM_BIT_CELL_SNM"
\a cdsLibManager->cellLineEdit->value = "SRAM_BIT_CELL_SNM"
\a cdsLibManager->viewListBox->value = "schematic"
\a cdsLibManager->viewLineEdit->value = "schematic"
\a cdsLibManager->viewListBox->value = nil
\a cdsLibManager->viewLineEdit->value = ""
\a cdsLibManager->viewListBox->value = "schematic"
\a cdsLibManager->viewLineEdit->value = "schematic"
\o MPS request: edit design
\a nrListItemAction(cdsLibManager->gdmXTView 0 7)
\a cdsLibManager->libListBox->value = nil
\a cdsLibManager->libLineEdit->value = ""
\a cdsLibManager->cellListBox->value = nil
\a cdsLibManager->viewLineEdit->value = ""
\a cdsLibManager->viewListBox->value = nil
\a cdsLibManager->cellLineEdit->value = ""
\a cdsLibManager->libListBox->value = "SRAM"
\a cdsLibManager->libLineEdit->value = "SRAM"
\a cdsLibManager->cellListBox->value = "SRAM_BIT_CELL_SNM"
\a cdsLibManager->cellLineEdit->value = "SRAM_BIT_CELL_SNM"
\a cdsLibManager->viewListBox->value = "schematic"
\a cdsLibManager->viewLineEdit->value = "schematic"
\a cdsLibManager->viewLineEdit->value = ""
\a cdsLibManager->viewListBox->value = nil
\a cdsLibManager->viewListBox->value = "schematic"
\a cdsLibManager->viewLineEdit->value = "schematic"
\a nrSetCurrentWindow(cdsLibManager)
\a cdsLibManager->cellListBox->value = "SRAM_BIT_CELL"
\a cdsLibManager->cellLineEdit->value = "SRAM_BIT_CELL"
\a cdsLibManager->viewLineEdit->value = ""
\a cdsLibManager->viewListBox->value = nil
\a cdsLibManager->viewListBox->value = "schematic"
\a cdsLibManager->viewLineEdit->value = "schematic"
\a cdsLibManager->viewLineEdit->value = ""
\a cdsLibManager->viewListBox->value = nil
\o MPS request: edit design
\a nrListItemAction(cdsLibManager->cellListBox 0 0)
\a cdsLibManager->libListBox->value = nil
\a cdsLibManager->libLineEdit->value = ""
\a cdsLibManager->cellLineEdit->value = ""
\a cdsLibManager->cellListBox->value = nil
\a cdsLibManager->libListBox->value = "SRAM"
\a cdsLibManager->libLineEdit->value = "SRAM"
\a cdsLibManager->cellListBox->value = "SRAM_BIT_CELL"
\a cdsLibManager->cellLineEdit->value = "SRAM_BIT_CELL"
\a cdsLibManager->viewListBox->value = "schematic"
\a cdsLibManager->viewLineEdit->value = "schematic"
\a cdsLibManager->viewLineEdit->value = ""
\a cdsLibManager->viewListBox->value = nil
\a cdsLibManager->viewListBox->value = "schematic"
\a cdsLibManager->viewLineEdit->value = "schematic"
\a cdsLibManager->viewListBox->value = nil
\a cdsLibManager->viewLineEdit->value = ""
\a cdsLibManager->viewListBox->value = "schematic"
\a cdsLibManager->viewLineEdit->value = "schematic"
\o MPS request: edit design
\a nrListItemAction(cdsLibManager->gdmXTView 0 7)
\a nrSetCurrentWindow(cdsLibManager)
\a nrResizeWindow(cdsLibManager list(-482 881 1429 723))
\a nrResizeWindow(cdsLibManager list(241 178 1429 723))
\a nrSetCurrentWindow(cdsLibManager)
\a cdsLibManager->viewListBox->value = nil
\a cdsLibManager->viewLineEdit->value = ""
\a cdsLibManager->viewListBox->value = "schematic"
\a cdsLibManager->viewLineEdit->value = "schematic"
\o MPS request: edit design
\a nrListItemAction(cdsLibManager->gdmXTView 0 0)
\a nrSetCurrentWindow(cdsLibManager)
\a cdsLibManager->cellLineEdit->value = ""
\a cdsLibManager->cellListBox->value = nil
\a cdsLibManager->viewLineEdit->value = ""
\a cdsLibManager->viewListBox->value = nil
\a cdsLibManager->cellListBox->value = "SRAM_BIT_CELL"
\a cdsLibManager->cellLineEdit->value = "SRAM_BIT_CELL"
\a cdsLibManager->viewListBox->value = "schematic"
\a cdsLibManager->viewLineEdit->value = "schematic"
\a cdsLibManager->viewLineEdit->value = ""
\a cdsLibManager->viewListBox->value = nil
\o MPS request: edit design
\a nrListItemAction(cdsLibManager->cellListBox 0 0)
\a nrSetCurrentWindow(cdsLibManager)
\a cdsLibManager->viewListBox->value = "schematic"
\a cdsLibManager->viewLineEdit->value = "schematic"
\a cdsLibManager->viewListBox->value = nil
\a cdsLibManager->viewLineEdit->value = ""
\a cdsLibManager->viewListBox->value = "schematic"
\a cdsLibManager->viewLineEdit->value = "schematic"
\o MPS request: edit design
\a nrListItemAction(cdsLibManager->gdmXTView 0 0)
\a nrSetCurrentWindow(cdsLibManager)
\a cdsLibManager->cellListBox->value = "SRAM_BIT_CELL_SNM"
\a cdsLibManager->cellLineEdit->value = "SRAM_BIT_CELL_SNM"
\a cdsLibManager->viewLineEdit->value = ""
\a cdsLibManager->viewListBox->value = nil
\a cdsLibManager->viewListBox->value = "schematic"
\a cdsLibManager->viewLineEdit->value = "schematic"
\a cdsLibManager->viewLineEdit->value = ""
\a cdsLibManager->viewListBox->value = nil
\o MPS request: edit design
\a nrListItemAction(cdsLibManager->cellListBox 1 0)
\a nrSetCurrentWindow(cdsLibManager)
\a nrSetCurrentWindow(cdsLibManager)
\a cdsLibManager->cellListBox->value = "SRAM_BIT_CELL"
\a cdsLibManager->cellLineEdit->value = "SRAM_BIT_CELL"
\a cdsLibManager->viewListBox->value = "schematic"
\a cdsLibManager->viewLineEdit->value = "schematic"
\a cdsLibManager->viewListBox->value = nil
\a cdsLibManager->viewLineEdit->value = ""
\a cdsLibManager->viewListBox->value = "schematic"
\a cdsLibManager->viewLineEdit->value = "schematic"
\o MPS request: edit design
\a nrListItemAction(cdsLibManager->gdmXTView 0 0)
\a nrSetCurrentWindow(cdsLibManager)
\a cdsLibManager->cellListBox->value = "SRAM_BIT_CELL_SNM"
\a cdsLibManager->cellLineEdit->value = "SRAM_BIT_CELL_SNM"
\a cdsLibManager->viewLineEdit->value = ""
\a cdsLibManager->viewListBox->value = nil
\a cdsLibManager->viewListBox->value = "schematic"
\a cdsLibManager->viewLineEdit->value = "schematic"
\a cdsLibManager->viewListBox->value = nil
\a cdsLibManager->viewLineEdit->value = ""
\a cdsLibManager->viewListBox->value = "schematic"
\a cdsLibManager->viewLineEdit->value = "schematic"
\o MPS request: edit design
\a nrListItemAction(cdsLibManager->gdmXTView 0 0)
\a nrSetCurrentWindow(cdsLibManager)
\a cdsLibManager->cellListBox->value = "SRAM_BIT_CELL"
\a cdsLibManager->cellLineEdit->value = "SRAM_BIT_CELL"
\a cdsLibManager->viewLineEdit->value = ""
\a cdsLibManager->viewListBox->value = nil
\a cdsLibManager->viewListBox->value = "schematic"
\a cdsLibManager->viewLineEdit->value = "schematic"
\a cdsLibManager->viewListBox->value = nil
\a cdsLibManager->viewLineEdit->value = ""
\a cdsLibManager->viewListBox->value = "schematic"
\a cdsLibManager->viewLineEdit->value = "schematic"
\o MPS request: edit design
\a nrListItemAction(cdsLibManager->gdmXTView 0 0)
\a nrSetCurrentWindow(cdsLibManager)
\a cdsLibManager->FileNewCVButton->value = t
\a cdsLibManager->libListBox->value = nil
\a cdsLibManager->libLineEdit->value = ""
\a cdsLibManager->cellListBox->value = nil
\a cdsLibManager->viewLineEdit->value = ""
\a cdsLibManager->viewListBox->value = nil
\a cdsLibManager->cellLineEdit->value = ""
\a cdsLibManager->libListBox->value = "SRAM"
\a cdsLibManager->libLineEdit->value = "SRAM"
\a cdsLibManager->cellListBox->value = "SRAM_BIT_CELL"
\a cdsLibManager->cellLineEdit->value = "SRAM_BIT_CELL"
\a cdsLibManager->viewListBox->value = "schematic"
\a cdsLibManager->viewLineEdit->value = "schematic"
\a cdsLibManager->viewLineEdit->value = ""
\a cdsLibManager->viewListBox->value = nil
\a cdsLibManager->viewListBox->value = "schematic"
\a cdsLibManager->viewLineEdit->value = "schematic"
\a nrResizeWindow(cdsLibManager list(227 282 1429 723))
\a nrSetCurrentWindow(cdsLibManager)
\a nrSetCurrentWindow(cdsLibManager)
\a nrSetCurrentWindow(cdsLibManager)
\a cdsLibManager->cellListBox->value = "SRAM_BIT_CELL_SNM"
\a cdsLibManager->cellLineEdit->value = "SRAM_BIT_CELL_SNM"
\a cdsLibManager->viewLineEdit->value = ""
\a cdsLibManager->viewListBox->value = nil
\a cdsLibManager->viewListBox->value = "schematic"
\a cdsLibManager->viewLineEdit->value = "schematic"
\a cdsLibManager->cellListBox->value = "SRAM_BIT_CELL"
\a cdsLibManager->cellLineEdit->value = "SRAM_BIT_CELL"
\a cdsLibManager->viewLineEdit->value = ""
\a cdsLibManager->viewListBox->value = nil
\a cdsLibManager->viewListBox->value = "schematic"
\a cdsLibManager->viewLineEdit->value = "schematic"
\a cdsLibManager->cellListBox->value = "SRAM_READ_OPERATION"
\a cdsLibManager->cellLineEdit->value = "SRAM_READ_OPERATION"
\a cdsLibManager->viewLineEdit->value = ""
\a cdsLibManager->viewListBox->value = nil
\a cdsLibManager->viewListBox->value = "schematic"
\a cdsLibManager->viewLineEdit->value = "schematic"
\a cdsLibManager->cellListBox->value = "SRAM_BIT_CELL_SNM"
\a cdsLibManager->cellLineEdit->value = "SRAM_BIT_CELL_SNM"
\a cdsLibManager->viewLineEdit->value = ""
\a cdsLibManager->viewListBox->value = nil
\a cdsLibManager->viewListBox->value = "schematic"
\a cdsLibManager->viewLineEdit->value = "schematic"
\a cdsLibManager->viewLineEdit->value = ""
\a cdsLibManager->viewListBox->value = nil
\o MPS request: edit design
\a nrListItemAction(cdsLibManager->cellListBox 1 0)
\a cdsLibManager->libListBox->value = nil
\a cdsLibManager->libLineEdit->value = ""
\a cdsLibManager->cellLineEdit->value = ""
\a cdsLibManager->cellListBox->value = nil
\a cdsLibManager->libListBox->value = "SRAM"
\a cdsLibManager->libLineEdit->value = "SRAM"
\a cdsLibManager->cellListBox->value = "SRAM_BIT_CELL_SNM"
\a cdsLibManager->cellLineEdit->value = "SRAM_BIT_CELL_SNM"
\a cdsLibManager->viewListBox->value = "schematic"
\a cdsLibManager->viewLineEdit->value = "schematic"
\a cdsLibManager->viewLineEdit->value = ""
\a cdsLibManager->viewListBox->value = nil
\a cdsLibManager->viewListBox->value = "schematic"
\a cdsLibManager->viewLineEdit->value = "schematic"
\a nrSetCurrentWindow(cdsLibManager)
\a nrSetCurrentWindow(cdsLibManager)
\a cdsLibManager->cellListBox->value = "SRAM_BIT_CELL"
\a cdsLibManager->cellLineEdit->value = "SRAM_BIT_CELL"
\a cdsLibManager->viewLineEdit->value = ""
\a cdsLibManager->viewListBox->value = nil
\a cdsLibManager->viewListBox->value = "schematic"
\a cdsLibManager->viewLineEdit->value = "schematic"
\a cdsLibManager->viewLineEdit->value = ""
\a cdsLibManager->viewListBox->value = nil
\o MPS request: edit design
\a nrListItemAction(cdsLibManager->cellListBox 0 0)
\a cdsLibManager->libListBox->value = nil
\a cdsLibManager->libLineEdit->value = ""
\a cdsLibManager->cellLineEdit->value = ""
\a cdsLibManager->cellListBox->value = nil
\a cdsLibManager->libListBox->value = "SRAM"
\a cdsLibManager->libLineEdit->value = "SRAM"
\a cdsLibManager->cellListBox->value = "SRAM_BIT_CELL"
\a cdsLibManager->cellLineEdit->value = "SRAM_BIT_CELL"
\a cdsLibManager->viewListBox->value = "schematic"
\a cdsLibManager->viewLineEdit->value = "schematic"
\a cdsLibManager->viewLineEdit->value = ""
\a cdsLibManager->viewListBox->value = nil
\a cdsLibManager->viewListBox->value = "schematic"
\a cdsLibManager->viewLineEdit->value = "schematic"
\a nrSetCurrentWindow(cdsLibManager)
\a nrSetCurrentWindow(cdsLibManager)
\a cdsLibManager->cellListBox->value = "SRAM_READ_OPERATION"
\a cdsLibManager->cellLineEdit->value = "SRAM_READ_OPERATION"
\a cdsLibManager->viewLineEdit->value = ""
\a cdsLibManager->viewListBox->value = nil
\a cdsLibManager->viewListBox->value = "schematic"
\a cdsLibManager->viewLineEdit->value = "schematic"
\a cdsLibManager->viewLineEdit->value = ""
\a cdsLibManager->viewListBox->value = nil
\o MPS request: edit design
\a nrListItemAction(cdsLibManager->cellListBox 2 0)
\a cdsLibManager->libListBox->value = nil
\a cdsLibManager->libLineEdit->value = ""
\a cdsLibManager->cellLineEdit->value = ""
\a cdsLibManager->cellListBox->value = nil
\a cdsLibManager->libListBox->value = "SRAM"
\a cdsLibManager->libLineEdit->value = "SRAM"
\a cdsLibManager->cellListBox->value = "SRAM_READ_OPERATION"
\a cdsLibManager->cellLineEdit->value = "SRAM_READ_OPERATION"
\a cdsLibManager->viewListBox->value = "schematic"
\a cdsLibManager->viewLineEdit->value = "schematic"
\a cdsLibManager->viewLineEdit->value = ""
\a cdsLibManager->viewListBox->value = nil
\a cdsLibManager->viewListBox->value = "schematic"
\a cdsLibManager->viewLineEdit->value = "schematic"
\a nrSetCurrentWindow(cdsLibManager)
\a nrSetCurrentWindow(cdsLibManager)
\a nrSetCurrentWindow(cdsLibManager)
\a nrSetCurrentWindow(cdsLibManager)
\a cdsLibManager->cellListBox->value = "SRAM_BIT_CELL_SNM"
\a cdsLibManager->cellLineEdit->value = "SRAM_BIT_CELL_SNM"
\a cdsLibManager->viewLineEdit->value = ""
\a cdsLibManager->viewListBox->value = nil
\a cdsLibManager->viewListBox->value = "schematic"
\a cdsLibManager->viewLineEdit->value = "schematic"
\a cdsLibManager->cellListBox->value = "SRAM_BIT_CELL"
\a cdsLibManager->cellLineEdit->value = "SRAM_BIT_CELL"
\a cdsLibManager->viewLineEdit->value = ""
\a cdsLibManager->viewListBox->value = nil
\a cdsLibManager->viewListBox->value = "schematic"
\a cdsLibManager->viewLineEdit->value = "schematic"
\a cdsLibManager->viewListBox->value = "symbol"
\a cdsLibManager->viewLineEdit->value = "symbol"
\a cdsLibManager->viewListBox->value = "schematic"
\a cdsLibManager->viewLineEdit->value = "schematic"
\o MPS request: edit design
\a nrListItemAction(cdsLibManager->gdmXTView 1 0)
\a nrSetCurrentWindow(cdsLibManager)
\a cdsLibManager->cellListBox->value = "SRAM_READ_OPERATION"
\a cdsLibManager->cellLineEdit->value = "SRAM_READ_OPERATION"
\a cdsLibManager->viewLineEdit->value = ""
\a cdsLibManager->viewListBox->value = nil
\a cdsLibManager->viewListBox->value = "schematic"
\a cdsLibManager->viewLineEdit->value = "schematic"
\a cdsLibManager->viewLineEdit->value = ""
\a cdsLibManager->viewListBox->value = nil
\o MPS request: edit design
\a nrListItemAction(cdsLibManager->cellListBox 2 0)
\a cdsLibManager->libListBox->value = nil
\a cdsLibManager->libLineEdit->value = ""
\a cdsLibManager->cellLineEdit->value = ""
\a cdsLibManager->cellListBox->value = nil
\a cdsLibManager->libListBox->value = "SRAM"
\a cdsLibManager->libLineEdit->value = "SRAM"
\a cdsLibManager->cellListBox->value = "SRAM_READ_OPERATION"
\a cdsLibManager->cellLineEdit->value = "SRAM_READ_OPERATION"
\a cdsLibManager->viewListBox->value = "schematic"
\a cdsLibManager->viewLineEdit->value = "schematic"
\a cdsLibManager->viewLineEdit->value = ""
\a cdsLibManager->viewListBox->value = nil
\a cdsLibManager->viewListBox->value = "schematic"
\a cdsLibManager->viewLineEdit->value = "schematic"
\a cdsLibManager->viewListBox->value = nil
\a cdsLibManager->viewLineEdit->value = ""
\a cdsLibManager->viewListBox->value = "schematic"
\a cdsLibManager->viewLineEdit->value = "schematic"
\o MPS request: edit design
\a nrListItemAction(cdsLibManager->gdmXTView 0 7)
\a nrSetCurrentWindow(cdsLibManager)
\a nrSetCurrentWindow(cdsLibManager)
\a cdsLibManager->libListBox->value = nil
\a cdsLibManager->libLineEdit->value = ""
\a cdsLibManager->cellListBox->value = nil
\a cdsLibManager->viewLineEdit->value = ""
\a cdsLibManager->viewListBox->value = nil
\a cdsLibManager->cellLineEdit->value = ""
\a cdsLibManager->libListBox->value = "SRAM"
\a cdsLibManager->libLineEdit->value = "SRAM"
\a cdsLibManager->cellListBox->value = "SRAM_READ_OPERATION"
\a cdsLibManager->cellLineEdit->value = "SRAM_READ_OPERATION"
\a cdsLibManager->viewListBox->value = "schematic"
\a cdsLibManager->viewLineEdit->value = "schematic"
\a cdsLibManager->viewLineEdit->value = ""
\a cdsLibManager->viewListBox->value = nil
\a cdsLibManager->viewListBox->value = "schematic"
\a cdsLibManager->viewLineEdit->value = "schematic"
\a cdsLibManager->libListBox->value = nil
\a cdsLibManager->libLineEdit->value = ""
\a cdsLibManager->cellListBox->value = nil
\a cdsLibManager->viewLineEdit->value = ""
\a cdsLibManager->viewListBox->value = nil
\a cdsLibManager->cellLineEdit->value = ""
\a cdsLibManager->libListBox->value = "SRAM"
\a cdsLibManager->libLineEdit->value = "SRAM"
\a cdsLibManager->cellListBox->value = "SRAM_READ_OPERATION"
\a cdsLibManager->cellLineEdit->value = "SRAM_READ_OPERATION"
\a cdsLibManager->viewListBox->value = "schematic"
\a cdsLibManager->viewLineEdit->value = "schematic"
\a cdsLibManager->viewLineEdit->value = ""
\a cdsLibManager->viewListBox->value = nil
\a cdsLibManager->viewListBox->value = "schematic"
\a cdsLibManager->viewLineEdit->value = "schematic"
\a nrSetCurrentWindow(cdsLibManager)
\a cdsLibManager->viewListBox->value = "spectre_state"
\a cdsLibManager->viewLineEdit->value = "spectre_state"
\a cdsLibManager->viewListBox->value = nil
\a cdsLibManager->viewLineEdit->value = ""
\a cdsLibManager->viewListBox->value = "spectre_state1"
\a cdsLibManager->viewLineEdit->value = "spectre_state1"
\a cdsLibManager->viewListBox->value = "spectre_state"
\a cdsLibManager->viewLineEdit->value = "spectre_state"
\a cdsLibManager->viewListBox->value = "schematic"
\a cdsLibManager->viewLineEdit->value = "schematic"
\a cdsLibManager->viewListBox->value = nil
\a cdsLibManager->viewLineEdit->value = ""
\a cdsLibManager->viewListBox->value = "schematic"
\a cdsLibManager->viewLineEdit->value = "schematic"
\a lmgrLogShowPopup("mainListPopup2" 10 48 2 "schematic")
\a cdsLibManager->viewListBox->value = nil
\a cdsLibManager->viewLineEdit->value = ""
\a cdsLibManager->viewListBox->value = "schematic"
\a cdsLibManager->viewLineEdit->value = "schematic"
\o MPS request: edit design
\a nrListItemAction(cdsLibManager->gdmXTView 2 0)
\a nrSetCurrentWindow(cdsLibManager)
\a cdsLibManager->cellLineEdit->value = ""
\a cdsLibManager->cellListBox->value = nil
\a cdsLibManager->viewLineEdit->value = ""
\a cdsLibManager->viewListBox->value = nil
\a cdsLibManager->cellListBox->value = "SRAM_READ_OPERATION"
\a cdsLibManager->cellLineEdit->value = "SRAM_READ_OPERATION"
\a cdsLibManager->viewListBox->value = "schematic"
\a cdsLibManager->viewLineEdit->value = "schematic"
\a cdsLibManager->cellLineEdit->value = ""
\a cdsLibManager->cellListBox->value = nil
\a cdsLibManager->viewLineEdit->value = ""
\a cdsLibManager->viewListBox->value = nil
\a cdsLibManager->cellListBox->value = "SRAM_READ_OPERATION"
\a cdsLibManager->cellLineEdit->value = "SRAM_READ_OPERATION"
\a cdsLibManager->viewListBox->value = "schematic"
\a cdsLibManager->viewLineEdit->value = "schematic"
\a cdsLibManager->viewListBox->value = nil
\a cdsLibManager->viewLineEdit->value = ""
\a cdsLibManager->cellLineEdit->value = ""
\a cdsLibManager->cellListBox->value = nil
\a cdsLibManager->cellListBox->value = "SRAM_READ_OPERATION"
\a cdsLibManager->cellLineEdit->value = "SRAM_READ_OPERATION"
\a cdsLibManager->viewListBox->value = "schematic"
\a cdsLibManager->viewLineEdit->value = "schematic"
\a cdsLibManager->viewLineEdit->value = ""
\a cdsLibManager->viewListBox->value = nil
\a lmgrLogShowPopup("mainListPopup1" 138 48 2 "SRAM_READ_OPERATION")
\a cdsLibManager->copySimpleButton->value = t
\a copyCellForm->SkipLibrariesEdit->value = "*"
\a copyCellForm->ViewsToCopy->value = ""
\a copyCellForm->CopyFromCell->value = ""
\a copyCellForm->CopyToCell->value = ""
\a copyCellForm->CopyFromLibrary->value = ""
\a copyCellForm->CopyToLibrary->value = ""
\a copyCellForm->CopyFromLibrary->value = "SRAM"
\a copyCellForm->CopyToLibrary->value = "SRAM"
\a copyCellForm->CopyFromCell->value = "SRAM_READ_OPERATION"
\a copyCellForm->CopyToCell->value = "SRAM_READ_OPERATION"
\a copyCellForm->ViewsToCopy->value = "schematic spectre_state spectre_state1"
\a copyCellForm->SkipLibrariesEdit->value = ""
\a copyCellForm->SkipLibrariesEdit->value = "Sky_water_130nm US_8ths ahdlLib analogLib basic cdsDefTechLib cds_ff_mpt cds_ff_mpt_scl connectLib functional gpdk045 gpdk045_sc gpdk45_iolib gpdk090 gpdk090_sc gpdk180 gpdk180_sc rfExamples rfLib rfTlineLib sample"
\a nrSetCurrentWindow(copyCellForm)
\a nrResizeWindow(copyCellForm list(609 240 468 659))
\a copyCellForm->CopyToCell->value = "SRAM_WRITE_OPERATION"
\a copyCellForm->OK->value = t
\o Beginning simple copy to library "SRAM".
\o Processing files to be copied...
\a nrSetCurrentWindow(cdsLibManager)
\a nrSetCurrentWindow(workingDialogForm)
\o Copy succeeded.
\a cdsLibManager->libListBox->value = nil
\a cdsLibManager->libLineEdit->value = ""
\a cdsLibManager->cellListBox->value = nil
\a cdsLibManager->cellLineEdit->value = ""
\a cdsLibManager->libListBox->value = "SRAM"
\a cdsLibManager->libLineEdit->value = "SRAM"
\a cdsLibManager->cellListBox->value = "SRAM_READ_OPERATION"
\a cdsLibManager->cellLineEdit->value = "SRAM_READ_OPERATION"
\a cdsLibManager->viewListBox->value = "schematic"
\a cdsLibManager->viewLineEdit->value = "schematic"
\a cdsLibManager->viewLineEdit->value = ""
\a cdsLibManager->viewListBox->value = nil
\a cdsLibManager->viewListBox->value = "schematic"
\a cdsLibManager->viewLineEdit->value = "schematic"
\a cdsLibManager->viewLineEdit->value = ""
\a cdsLibManager->viewListBox->value = nil
\a copyCellForm->SkipLibrariesEdit->value = "*"
\a nrSetCurrentWindow(cdsLibManager)
\a nrResizeWindow(copyCellForm list(609 203 468 659))
\a nrResizeWindow(workingDialogForm list(795 537 273 133))
\a cdsLibManager->cellListBox->value = "SRAM_WRITE_OPERATION"
\a cdsLibManager->cellLineEdit->value = "SRAM_WRITE_OPERATION"
\a cdsLibManager->viewListBox->value = "schematic"
\a cdsLibManager->viewLineEdit->value = "schematic"
\a cdsLibManager->FileNewCVButton->value = t
\a cdsLibManager->libListBox->value = nil
\a cdsLibManager->libLineEdit->value = ""
\a cdsLibManager->cellLineEdit->value = ""
\a cdsLibManager->viewLineEdit->value = ""
\a cdsLibManager->cellListBox->value = nil
\a cdsLibManager->viewListBox->value = nil
\a cdsLibManager->libListBox->value = "SRAM"
\a cdsLibManager->libLineEdit->value = "SRAM"
\a cdsLibManager->cellListBox->value = "SRAM_WRITE_OPERATION"
\a cdsLibManager->cellLineEdit->value = "SRAM_WRITE_OPERATION"
\a cdsLibManager->viewListBox->value = "schematic"
\a cdsLibManager->viewLineEdit->value = "schematic"
\a cdsLibManager->viewLineEdit->value = ""
\a cdsLibManager->viewListBox->value = nil
\a cdsLibManager->viewListBox->value = "schematic"
\a cdsLibManager->viewLineEdit->value = "schematic"
\a nrSetCurrentWindow(cdsLibManager)
\a nrSetCurrentWindow(cdsLibManager)
\a cdsLibManager->viewListBox->value = nil
\a cdsLibManager->viewLineEdit->value = ""
\a cdsLibManager->viewListBox->value = "schematic"
\a cdsLibManager->viewLineEdit->value = "schematic"
\o MPS request: edit design
\a nrListItemAction(cdsLibManager->gdmXTView 2 0)
\a cdsLibManager->libListBox->value = nil
\a cdsLibManager->libLineEdit->value = ""
\a cdsLibManager->cellListBox->value = nil
\a cdsLibManager->viewLineEdit->value = ""
\a cdsLibManager->viewListBox->value = nil
\a cdsLibManager->cellLineEdit->value = ""
\a cdsLibManager->libListBox->value = "SRAM"
\a cdsLibManager->libLineEdit->value = "SRAM"
\a cdsLibManager->cellListBox->value = "SRAM_WRITE_OPERATION"
\a cdsLibManager->cellLineEdit->value = "SRAM_WRITE_OPERATION"
\a cdsLibManager->viewListBox->value = "schematic"
\a cdsLibManager->viewLineEdit->value = "schematic"
\a cdsLibManager->viewLineEdit->value = ""
\a cdsLibManager->viewListBox->value = nil
\a cdsLibManager->viewListBox->value = "schematic"
\a cdsLibManager->viewLineEdit->value = "schematic"
\a cdsLibManager->libListBox->value = nil
\a cdsLibManager->libLineEdit->value = ""
\a cdsLibManager->cellListBox->value = nil
\a cdsLibManager->viewLineEdit->value = ""
\a cdsLibManager->viewListBox->value = nil
\a cdsLibManager->cellLineEdit->value = ""
\a cdsLibManager->libListBox->value = "SRAM"
\a cdsLibManager->libLineEdit->value = "SRAM"
\a cdsLibManager->cellListBox->value = "SRAM_WRITE_OPERATION"
\a cdsLibManager->cellLineEdit->value = "SRAM_WRITE_OPERATION"
\a cdsLibManager->viewListBox->value = "schematic"
\a cdsLibManager->viewLineEdit->value = "schematic"
\a cdsLibManager->viewLineEdit->value = ""
\a cdsLibManager->viewListBox->value = nil
\a cdsLibManager->viewListBox->value = "schematic"
\a cdsLibManager->viewLineEdit->value = "schematic"
\a nrSetCurrentWindow(cdsLibManager)
\a cdsLibManager->cellListBox->value = "SRAM_BIT_CELL"
\a cdsLibManager->cellLineEdit->value = "SRAM_BIT_CELL"
\a cdsLibManager->viewLineEdit->value = ""
\a cdsLibManager->viewListBox->value = nil
\a cdsLibManager->viewListBox->value = "schematic"
\a cdsLibManager->viewLineEdit->value = "schematic"
\a cdsLibManager->viewListBox->value = nil
\a cdsLibManager->viewLineEdit->value = ""
\a cdsLibManager->viewListBox->value = "schematic"
\a cdsLibManager->viewLineEdit->value = "schematic"
\o MPS request: edit design
\a nrListItemAction(cdsLibManager->gdmXTView 1 0)
\a cdsLibManager->libListBox->value = nil
\a cdsLibManager->libLineEdit->value = ""
\a cdsLibManager->cellListBox->value = nil
\a cdsLibManager->viewLineEdit->value = ""
\a cdsLibManager->viewListBox->value = nil
\a cdsLibManager->cellLineEdit->value = ""
\a cdsLibManager->libListBox->value = "SRAM"
\a cdsLibManager->libLineEdit->value = "SRAM"
\a cdsLibManager->cellListBox->value = "SRAM_BIT_CELL"
\a cdsLibManager->cellLineEdit->value = "SRAM_BIT_CELL"
\a cdsLibManager->viewListBox->value = "schematic"
\a cdsLibManager->viewLineEdit->value = "schematic"
\a cdsLibManager->viewLineEdit->value = ""
\a cdsLibManager->viewListBox->value = nil
\a cdsLibManager->viewListBox->value = "schematic"
\a cdsLibManager->viewLineEdit->value = "schematic"
\a nrSetCurrentWindow(cdsLibManager)
\a nrSetCurrentWindow(cdsLibManager)
\a nrResizeWindow(cdsLibManager list(227 282 1597 723))
\a cdsLibManager->libListBox->value = nil
\a cdsLibManager->libLineEdit->value = ""
\a cdsLibManager->cellListBox->value = nil
\a cdsLibManager->viewLineEdit->value = ""
\a cdsLibManager->viewListBox->value = nil
\a cdsLibManager->cellLineEdit->value = ""
\a cdsLibManager->libListBox->value = "SRAM"
\a cdsLibManager->libLineEdit->value = "SRAM"
\a cdsLibManager->cellListBox->value = "SRAM_BIT_CELL"
\a cdsLibManager->cellLineEdit->value = "SRAM_BIT_CELL"
\a cdsLibManager->viewListBox->value = "schematic"
\a cdsLibManager->viewLineEdit->value = "schematic"
\a cdsLibManager->viewLineEdit->value = ""
\a cdsLibManager->viewListBox->value = nil
\a cdsLibManager->viewListBox->value = "schematic"
\a cdsLibManager->viewLineEdit->value = "schematic"
\a nrSetCurrentWindow(cdsLibManager)
\a nrSetCurrentWindow(cdsLibManager)
\a nrSetCurrentWindow(cdsLibManager)
\a nrSetWindowVisibility(cdsLibManager "hide")
