********************************************************************************
Product   : Virtuoso(R) XOasis Out
Program   : @(#)$CDS: oasisout version 6.1.8-64b 11/15/2022 19:26 (cpgbld01) $
          : sub-version  IC6.1.8-64b.500.29 
Started at: 23-Mar-2026  02:02:09
User Name : vlsilab
Host Name : cadence
Directory : /home/vlsilab/.ramesh_important_vlsi/6t_sram
CADENCE Design Systems, Inc.
********************************************************************************
Info: Cellview Rev Num:99,  Tech Rev Num:59

INFO (XOASIS-217): Reading the layer map file, /home/install/FOUNDRY/analog/180nm/libs.oa22/gpdk180/gpdk180.layermap

Summary of Options :
library                                 SRAM
oasisFile                               SRAM_BIT_CELL.gds
logFile                                 oasisOut.log
techLib                                 gpdk180
topCell                                 SRAM_BIT_CELL
view                                    layout

INFO (XOASIS-81072): Translating stdVia master gpdk180/M1_POLY1 as "M1_POLY1_CDNS_774211529720".
INFO (XOASIS-81072): Translating stdVia master gpdk180/M2_M1 as "M2_M1_CDNS_774211529721".
INFO (XOASIS-81044): Translating design gpdk180/nmos/layout as "nmos_CDNS_774211529720".
INFO (XOASIS-81044): Translating design gpdk180/nmos/layout as "nmos_CDNS_774211529721".
INFO (XOASIS-81044): Translating design gpdk180/pmos/layout as "pmos_CDNS_774211529722".
INFO (XOASIS-81044): Translating design gpdk180/pmos/layout as "pmos_CDNS_774211529723".
INFO (XOASIS-81044): Translating design SRAM/SRAM_BIT_CELL/layout as "SRAM_BIT_CELL".
WARNING (XOASIS-82025): You have not used the 'objectMap' option. The design has instance(s) of at least one of following OpenAccess objects: oaBlockage, oaBoundary, oaRow or oaMarker. Any information about these objects will not be translated into the generated oasis file. Use the 'objectMap' option to translate/preserve these objects using XOasis. For details on the 'objectMap' option, refer to the "Design Data Translator's Reference" guide for XOasis.

Summary of Objects Translated:
	Scalar Instances:                       6
	Array Instances:                        0
	Polygons:                               0
	Rectangles:                             115
	Paths:                                  0
	Pathsegs:                               27
	Text:                                   0
	Lines:                                  0
	Dots:                                   0
	Arcs:                                   0
	Donuts:                                 0
	Ellipses:                               0
	Boundaries:                             0
	Area Blockages:                         0
	Layer Blockages:                        0
	Area Halos:                             0
	Rows:                                   0
	Markers:                                0
	Custom Vias:                            0
	Standard Vias                           6
	Cells:                                  7

Elapsed Time: 0.1s   User Time: 0.1s   CPU Time: 0.0s   Peak VM: 998KB
INFO (XOASIS-234): Translation completed. '0' error(s) and '1' warning(s) found.
